> Task :app:preBuild UP-TO-DATE
> Task :app:preDebugBuild UP-TO-DATE
> Task :app:mergeDebugNativeDebugMetadata NO-SOURCE
> Task :app:generateDebugResources UP-TO-DATE
> Task :app:packageDebugResources UP-TO-DATE
> Task :app:processDebugNavigationResources UP-TO-DATE
> Task :app:parseDebugLocalResources UP-TO-DATE
> Task :app:generateDebugRFile UP-TO-DATE
> Task :app:javaPreCompileDebug UP-TO-DATE
> Task :app:generateDebugAssets UP-TO-DATE
> Task :app:mergeDebugAssets UP-TO-DATE
> Task :app:compressDebugAssets UP-TO-DATE
> Task :app:checkDebugDuplicateClasses UP-TO-DATE
> Task :app:desugarDebugFileDependencies UP-TO-DATE
> Task :app:mergeExtDexDebug UP-TO-DATE
> Task :app:mergeLibDexDebug UP-TO-DATE
> Task :app:checkDebugAarMetadata UP-TO-DATE
> Task :app:compileDebugNavigationResources UP-TO-DATE
> Task :app:mapDebugSourceSetPaths UP-TO-DATE
> Task :app:mergeDebugResources UP-TO-DATE
> Task :app:createDebugCompatibleScreenManifests UP-TO-DATE
> Task :app:extractDeepLinksDebug UP-TO-DATE
> Task :app:processDebugMainManifest
> Task :app:processDebugManifest
> Task :app:mergeDebugJniLibFolders UP-TO-DATE
> Task :app:mergeDebugNativeLibs UP-TO-DATE
> Task :app:stripDebugDebugSymbols UP-TO-DATE
> Task :app:validateSigningDebug UP-TO-DATE
> Task :app:writeDebugAppMetadata UP-TO-DATE
> Task :app:writeDebugSigningConfigVersions UP-TO-DATE
> Task :app:preReleaseBuild UP-TO-DATE
> Task :app:mergeReleaseJniLibFolders
> Task :app:mergeReleaseNativeLibs
> Task :app:processDebugManifestForPackage

> Task :app:stripReleaseDebugSymbols
Unable to strip the following libraries, packaging them as they are: libandroidx.graphics.path.so. Run with --info option to learn more.

> Task :app:generateReleaseResources
> Task :app:extractReleaseNativeSymbolTables
> Task :app:checkReleaseDuplicateClasses
> Task :app:packageReleaseResources
> Task :app:mergeReleaseNativeDebugMetadata NO-SOURCE
> Task :app:processReleaseNavigationResources
> Task :app:javaPreCompileRelease
> Task :app:compileReleaseNavigationResources
> Task :app:checkReleaseAarMetadata
> Task :app:mapReleaseSourceSetPaths
> Task :app:parseReleaseLocalResources
note: generating mipmap/ic_launcher_round with config "anydpi-v26" for round icon compatibility.

> Task :app:createReleaseCompatibleScreenManifests
> Task :app:extractDeepLinksRelease
> Task :app:generateReleaseRFile
> Task :app:processReleaseMainManifest
> Task :app:processReleaseManifest
> Task :app:desugarReleaseFileDependencies
> Task :app:mergeReleaseStartupProfile
> Task :app:processDebugResources

> Task :app:compileDebugKotlin
.\gradlew : e: file:///C:/Users/dabs/AndroidStudioProjects/Music/app/src/main/java/com/example/music/MusicAppContent.kt:240:20 No parameter with name 
'onSetShowAlbumArt' found.
At line:1 char:49
+ ... Users\dabs\AndroidStudioProjects\Music"; .\gradlew build 2>&1 | Tee-O ...
+                                              ~~~~~~~~~~~~~~~~~~~~
    + CategoryInfo          : NotSpecified: (e: file:///C:/U...lbumArt' found.:String) [], RemoteException
    + FullyQualifiedErrorId : NativeCommandError
 
e: file:///C:/Users/dabs/AndroidStudioProjects/Music/app/src/main/java/com/example/music/MusicAppContent.kt:245:20 No parameter with name 'onSetCrossfadeSeconds' found.
e: file:///C:/Users/dabs/AndroidStudioProjects/Music/app/src/main/java/com/example/music/MusicAppContent.kt:246:20 No parameter with name 
'onSetVolumeNormalizationEnabled' found.
e: file:///C:/Users/dabs/AndroidStudioProjects/Music/app/src/main/java/com/example/music/MusicAppContent.kt:247:20 No parameter with name 'presets' found.
e: file:///C:/Users/dabs/AndroidStudioProjects/Music/app/src/main/java/com/example/music/MusicAppContent.kt:248:20 No parameter with name 'selectedPresetId' found.
e: file:///C:/Users/dabs/AndroidStudioProjects/Music/app/src/main/java/com/example/music/MusicAppContent.kt:249:20 No parameter with name 'onSelectPreset' found.
e: file:///C:/Users/dabs/AndroidStudioProjects/Music/app/src/main/java/com/example/music/MusicAppContent.kt:250:20 No parameter with name 'onSaveCurrentAsPreset' found.
e: file:///C:/Users/dabs/AndroidStudioProjects/Music/app/src/main/java/com/example/music/MusicAppContent.kt:251:20 No parameter with name 'onResetToDefaults' found.
e: file:///C:/Users/dabs/AndroidStudioProjects/Music/app/src/main/java/com/example/music/MusicAppContent.kt:252:20 No parameter with name 'isUserSignedIn' found.

> Task :app:compileDebugKotlin FAILED
> Task :app:mergeReleaseResources
> Task :app:compileReleaseKotlin
> Task :app:processReleaseManifestForPackage
> Task :app:mergeExtDexRelease

> Task :app:compileReleaseKotlin FAILED
e: file:///C:/Users/dabs/AndroidStudioProjects/Music/app/src/main/java/com/example/music/MusicAppContent.kt:240:20 No parameter with name 'onSetShowAlbumArt' found.
e: file:///C:/Users/dabs/AndroidStudioProjects/Music/app/src/main/java/com/example/music/MusicAppContent.kt:245:20 No parameter with name 'onSetCrossfadeSeconds' found.
e: file:///C:/Users/dabs/AndroidStudioProjects/Music/app/src/main/java/com/example/music/MusicAppContent.kt:246:20 No parameter with name 
'onSetVolumeNormalizationEnabled' found.
e: file:///C:/Users/dabs/AndroidStudioProjects/Music/app/src/main/java/com/example/music/MusicAppContent.kt:247:20 No parameter with name 'presets' found.
e: file:///C:/Users/dabs/AndroidStudioProjects/Music/app/src/main/java/com/example/music/MusicAppContent.kt:248:20 No parameter with name 'selectedPresetId' found.
e: file:///C:/Users/dabs/AndroidStudioProjects/Music/app/src/main/java/com/example/music/MusicAppContent.kt:249:20 No parameter with name 'onSelectPreset' found.
e: file:///C:/Users/dabs/AndroidStudioProjects/Music/app/src/main/java/com/example/music/MusicAppContent.kt:250:20 No parameter with name 'onSaveCurrentAsPreset' found.
e: file:///C:/Users/dabs/AndroidStudioProjects/Music/app/src/main/java/com/example/music/MusicAppContent.kt:251:20 No parameter with name 'onResetToDefaults' found.
e: file:///C:/Users/dabs/AndroidStudioProjects/Music/app/src/main/java/com/example/music/MusicAppContent.kt:252:20 No parameter with name 'isUserSignedIn' found.
w: Detected multiple Kotlin daemon sessions at 

FAILURE: Build completed with 2 failures.

1: Task failed with an exception.
-----------
* What went wrong:
Execution failed for task ':app:compileDebugKotlin'.
> A failure occurred while executing org.jetbrains.kotlin.compilerRunner.GradleCompilerRunnerWithWorkers$GradleKotlinCompilerWorkAction
   > Compilation error. See log for more details

* Try:
> Run with --stacktrace option to get the stack trace.
> Run with --info or --debug option to get more log output.
> Run with --scan to generate a Build Scan (powered by Develocity).
> Get more help at https://help.gradle.org.
==============================================================================

2: Task failed with an exception.
-----------
* What went wrong:
Execution failed for task ':app:compileReleaseKotlin'.
> A failure occurred while executing org.jetbrains.kotlin.compilerRunner.GradleCompilerRunnerWithWorkers$GradleKotlinCompilerWorkAction
   > Compilation error. See log for more details

* Try:
> Run with --stacktrace option to get the stack trace.
> Run with --info or --debug option to get more log output.
> Run with --scan to generate a Build Scan (powered by Develocity).
> Get more help at https://help.gradle.org.
==============================================================================

BUILD FAILED in 4m 49s
53 actionable tasks: 29 executed, 24 up-to-date
